2026-09-21 16:16:55 [INFO] kafka.consumer — ============================================================
2026-09-21 16:16:55 [INFO] kafka.consumer — Aegis — Kafka Consumer starting
2026-09-21 16:16:55 [INFO] kafka.consumer —   Bootstrap    : localhost:29092
2026-09-21 16:16:55 [INFO] kafka.consumer —   Input topic  : raw-features
2026-09-21 16:16:55 [INFO] kafka.consumer —   Results topic: inference-results
2026-09-21 16:16:55 [INFO] kafka.consumer —   Metrics topic: pipeline-metrics
2026-09-21 16:16:55 [INFO] kafka.consumer —   Consumer group: aegis-consumer
2026-09-21 16:16:55 [INFO] kafka.consumer —   Infer URL    : http://localhost:8000/infer
2026-09-21 16:16:55 [INFO] kafka.consumer —   Infer timeout: 10s
2026-09-21 16:16:55 [INFO] kafka.consumer — ============================================================
2026-09-21 16:16:55 [INFO] kafka.consumer — Metrics publisher started (interval: 2.0s)
2026-09-21 16:16:55 [INFO] kafka.consumer — Consumer running — waiting for messages on 'raw-features'...
2026-09-21 16:17:41 [INFO] kafka.consumer — Progress — processed: 100 messages | errors: 0 | last latency: 86.0ms
2026-09-21 16:17:48 [INFO] kafka.consumer — Progress — processed: 200 messages | errors: 0 | last latency: 62.5ms
2026-09-21 16:17:55 [INFO] kafka.consumer — Progress — processed: 300 messages | errors: 0 | last latency: 90.8ms
2026-09-21 16:18:02 [INFO] kafka.consumer — Progress — processed: 400 messages | errors: 0 | last latency: 48.6ms
2026-09-21 16:18:08 [INFO] kafka.consumer — Progress — processed: 500 messages | errors: 0 | last latency: 42.4ms
2026-09-21 16:18:14 [INFO] kafka.consumer — Progress — processed: 600 messages | errors: 0 | last latency: 94.1ms
2026-09-21 16:18:21 [INFO] kafka.consumer — Progress — processed: 700 messages | errors: 0 | last latency: 53.6ms
2026-09-21 16:18:28 [INFO] kafka.consumer — Progress — processed: 800 messages | errors: 0 | last latency: 112.4ms
2026-09-21 16:18:34 [INFO] kafka.consumer — Progress — processed: 900 messages | errors: 0 | last latency: 88.5ms
2026-09-21 16:18:41 [INFO] kafka.consumer — Progress — processed: 1000 messages | errors: 0 | last latency: 48.8ms
