2026-09-21 16:16:54 [INFO] kafka.producer — ============================================================
2026-09-21 16:16:54 [INFO] kafka.producer — Aegis — Kafka Producer starting
2026-09-21 16:16:54 [INFO] kafka.producer —   Bootstrap : localhost:29092
2026-09-21 16:16:54 [INFO] kafka.producer —   Topic     : raw-features
2026-09-21 16:16:54 [INFO] kafka.producer —   Batch win : 100ms
2026-09-21 16:16:54 [INFO] kafka.producer —   Batch max : 500 rows
2026-09-21 16:16:54 [INFO] kafka.producer — ============================================================
2026-09-21 16:16:54 [INFO] kafka.producer — Producer running — waiting for rows from staging queue...
2026-09-21 16:16:54 [INFO] watcher — ============================================================
2026-09-21 16:16:54 [INFO] watcher — Aegis — Zeek Log Watcher starting
2026-09-21 16:16:54 [INFO] watcher —   Watch dir : /home/nived/Desktop/Aegis/zeek/logs
2026-09-21 16:16:54 [INFO] watcher —   Output dir: /home/nived/Desktop/Aegis/data/features
2026-09-21 16:16:54 [INFO] watcher —   Pipeline  : /home/nived/Desktop/Aegis/features/pipeline.py
2026-09-21 16:16:54 [INFO] watcher —   Settle    : 3.0s
2026-09-21 16:16:54 [INFO] watcher —   Queue max : 10000 rows
2026-09-21 16:16:54 [INFO] watcher — ============================================================
2026-09-21 16:16:54 [INFO] watcher — Settle tracker started (settle window: 3.0s)
2026-09-21 16:16:54 [INFO] watcher — No existing log files found in zeek/logs — waiting for new ones
2026-09-21 16:16:54 [INFO] watcher — Watching /home/nived/Desktop/Aegis/zeek/logs — press Ctrl+C to stop
2026-09-21 16:17:00 [INFO] watcher — Heartbeat — staging queue: 0 rows | watcher alive
2026-09-21 16:17:04 [INFO] kafka.producer — Stats (last 10s) — published: 0 rows | dropped: 0 | batches: 0 | delivery_errors: 0
2026-09-21 16:17:14 [INFO] kafka.producer — Stats (last 10s) — published: 0 rows | dropped: 0 | batches: 0 | delivery_errors: 0
2026-09-21 16:17:24 [INFO] kafka.producer — Stats (last 10s) — published: 0 rows | dropped: 0 | batches: 0 | delivery_errors: 0
2026-09-21 16:17:30 [INFO] watcher — New file detected: zeek/logs/conn.log
2026-09-21 16:17:33 [INFO] watcher — [2026-09-21T10:47:33.712754] TRIGGER pipeline.py — file: conn.log  size: 110.1 KB bytes
2026-09-21 16:17:33 [INFO] watcher — Running: /home/nived/Desktop/Aegis/.venv/bin/python3 ./features/pipeline.py --zeek-dir zeek/logs --output-dir data/features --scenario-name live_1789987614
2026-09-21 16:17:34 [INFO] watcher — [2026-09-21T10:47:34.338817] pipeline.py completed in 0.63s — output: data/features/live_1789987614.parquet
2026-09-21 16:17:34 [INFO] watcher — Enqueued 1024 rows from live_1789987614.parquet into staging queue (queue size now: 21)
2026-09-21 16:17:34 [INFO] kafka.producer — Stats (last 10s) — published: 1000 rows | dropped: 0 | batches: 2 | delivery_errors: 0
2026-09-21 16:17:44 [INFO] kafka.producer — Stats (last 10s) — published: 24 rows | dropped: 0 | batches: 1 | delivery_errors: 0
2026-09-21 16:17:54 [INFO] kafka.producer — Stats (last 10s) — published: 0 rows | dropped: 0 | batches: 0 | delivery_errors: 0
2026-09-21 16:18:00 [INFO] watcher — Heartbeat — staging queue: 0 rows | watcher alive
2026-09-21 16:18:04 [INFO] kafka.producer — Stats (last 10s) — published: 0 rows | dropped: 0 | batches: 0 | delivery_errors: 0
2026-09-21 16:18:14 [INFO] kafka.producer — Stats (last 10s) — published: 0 rows | dropped: 0 | batches: 0 | delivery_errors: 0
2026-09-21 16:18:23 [INFO] watcher — New file detected: zeek/logs/dns.log
2026-09-21 16:18:24 [INFO] kafka.producer — Stats (last 10s) — published: 0 rows | dropped: 0 | batches: 0 | delivery_errors: 0
2026-09-21 16:18:26 [INFO] watcher — [2026-09-21T10:48:26.673567] TRIGGER pipeline.py — file: conn.log  size: 2.9 KB bytes
2026-09-21 16:18:26 [INFO] watcher — Running: /home/nived/Desktop/Aegis/.venv/bin/python3 ./features/pipeline.py --zeek-dir zeek/logs --output-dir data/features --scenario-name live_1789987614
2026-09-21 16:18:27 [INFO] watcher — [2026-09-21T10:48:27.253075] pipeline.py completed in 0.58s — output: data/features/live_1789987614.parquet
2026-09-21 16:18:27 [INFO] watcher — Enqueued 14 rows from live_1789987614.parquet into staging queue (queue size now: 14)
2026-09-21 16:18:27 [INFO] watcher — [2026-09-21T10:48:27.259831] TRIGGER pipeline.py — file: dns.log  size: 763.0 B bytes
2026-09-21 16:18:27 [INFO] watcher — Running: /home/nived/Desktop/Aegis/.venv/bin/python3 ./features/pipeline.py --zeek-dir zeek/logs --output-dir data/features --scenario-name live_1789987614
2026-09-21 16:18:27 [INFO] watcher — [2026-09-21T10:48:27.742870] pipeline.py completed in 0.48s — output: data/features/live_1789987614.parquet
2026-09-21 16:18:27 [INFO] watcher — Enqueued 0 rows from live_1789987614.parquet into staging queue (queue size now: 0)
2026-09-21 16:18:34 [INFO] kafka.producer — Stats (last 10s) — published: 14 rows | dropped: 0 | batches: 1 | delivery_errors: 0
2026-09-21 16:18:44 [INFO] kafka.producer — Stats (last 10s) — published: 0 rows | dropped: 0 | batches: 0 | delivery_errors: 0
2026-09-21 16:18:54 [INFO] kafka.producer — Stats (last 10s) — published: 0 rows | dropped: 0 | batches: 0 | delivery_errors: 0
2026-09-21 16:19:00 [INFO] watcher — Heartbeat — staging queue: 0 rows | watcher alive
2026-09-21 16:19:04 [INFO] kafka.producer — Stats (last 10s) — published: 0 rows | dropped: 0 | batches: 0 | delivery_errors: 0
2026-09-21 16:19:14 [INFO] kafka.producer — Stats (last 10s) — published: 0 rows | dropped: 0 | batches: 0 | delivery_errors: 0
2026-09-21 16:19:24 [INFO] kafka.producer — Stats (last 10s) — published: 0 rows | dropped: 0 | batches: 0 | delivery_errors: 0
2026-09-21 16:19:34 [INFO] kafka.producer — Stats (last 10s) — published: 0 rows | dropped: 0 | batches: 0 | delivery_errors: 0
2026-09-21 16:19:44 [INFO] kafka.producer — Stats (last 10s) — published: 0 rows | dropped: 0 | batches: 0 | delivery_errors: 0
2026-09-21 16:19:54 [INFO] kafka.producer — Stats (last 10s) — published: 0 rows | dropped: 0 | batches: 0 | delivery_errors: 0
2026-09-21 16:20:00 [INFO] watcher — Heartbeat — staging queue: 0 rows | watcher alive
2026-09-21 16:20:04 [INFO] kafka.producer — Stats (last 10s) — published: 0 rows | dropped: 0 | batches: 0 | delivery_errors: 0
2026-09-21 16:20:14 [INFO] kafka.producer — Stats (last 10s) — published: 0 rows | dropped: 0 | batches: 0 | delivery_errors: 0
2026-09-21 16:20:24 [INFO] kafka.producer — Stats (last 10s) — published: 0 rows | dropped: 0 | batches: 0 | delivery_errors: 0
2026-09-21 16:20:34 [INFO] kafka.producer — Stats (last 10s) — published: 0 rows | dropped: 0 | batches: 0 | delivery_errors: 0
2026-09-21 16:20:44 [INFO] kafka.producer — Stats (last 10s) — published: 0 rows | dropped: 0 | batches: 0 | delivery_errors: 0
2026-09-21 16:20:54 [INFO] kafka.producer — Stats (last 10s) — published: 0 rows | dropped: 0 | batches: 0 | delivery_errors: 0
2026-09-21 16:21:00 [INFO] watcher — Heartbeat — staging queue: 0 rows | watcher alive
2026-09-21 16:21:04 [INFO] kafka.producer — Stats (last 10s) — published: 0 rows | dropped: 0 | batches: 0 | delivery_errors: 0
2026-09-21 16:21:14 [INFO] kafka.producer — Stats (last 10s) — published: 0 rows | dropped: 0 | batches: 0 | delivery_errors: 0
2026-09-21 16:21:24 [INFO] kafka.producer — Stats (last 10s) — published: 0 rows | dropped: 0 | batches: 0 | delivery_errors: 0
2026-09-21 16:21:34 [INFO] kafka.producer — Stats (last 10s) — published: 0 rows | dropped: 0 | batches: 0 | delivery_errors: 0
2026-09-21 16:21:44 [INFO] kafka.producer — Stats (last 10s) — published: 0 rows | dropped: 0 | batches: 0 | delivery_errors: 0
2026-09-21 16:21:54 [INFO] kafka.producer — Stats (last 10s) — published: 0 rows | dropped: 0 | batches: 0 | delivery_errors: 0
2026-09-21 16:22:00 [INFO] watcher — Heartbeat — staging queue: 0 rows | watcher alive
2026-09-21 16:22:04 [INFO] kafka.producer — Stats (last 10s) — published: 0 rows | dropped: 0 | batches: 0 | delivery_errors: 0
2026-09-21 16:22:14 [INFO] kafka.producer — Stats (last 10s) — published: 0 rows | dropped: 0 | batches: 0 | delivery_errors: 0
2026-09-21 16:22:24 [INFO] kafka.producer — Stats (last 10s) — published: 0 rows | dropped: 0 | batches: 0 | delivery_errors: 0
2026-09-21 16:22:34 [INFO] kafka.producer — Stats (last 10s) — published: 0 rows | dropped: 0 | batches: 0 | delivery_errors: 0
2026-09-21 16:22:44 [INFO] kafka.producer — Stats (last 10s) — published: 0 rows | dropped: 0 | batches: 0 | delivery_errors: 0
2026-09-21 16:22:54 [INFO] kafka.producer — Stats (last 10s) — published: 0 rows | dropped: 0 | batches: 0 | delivery_errors: 0
2026-09-21 16:23:00 [INFO] watcher — Heartbeat — staging queue: 0 rows | watcher alive
2026-09-21 16:23:04 [INFO] kafka.producer — Stats (last 10s) — published: 0 rows | dropped: 0 | batches: 0 | delivery_errors: 0
2026-09-21 16:23:14 [INFO] kafka.producer — Stats (last 10s) — published: 0 rows | dropped: 0 | batches: 0 | delivery_errors: 0
2026-09-21 16:23:24 [INFO] kafka.producer — Stats (last 10s) — published: 0 rows | dropped: 0 | batches: 0 | delivery_errors: 0
2026-09-21 16:23:34 [INFO] kafka.producer — Stats (last 10s) — published: 0 rows | dropped: 0 | batches: 0 | delivery_errors: 0
